---
source: src/fof.rs
expression: parsed
snapshot_kind: text
---
LogicSequent {
    left: ListFormula(
        [],
    ),
    right: ListFormula(
        [
            Unary(
                Unary(
                    UnaryConnective,
                    Unitary(
                        Atomic(
                            Plain(
                                PlainAtomicFormula(
                                    Constant(
                                        Constant(
                                            Functor(
                                                Lower(
                                                    LowerWord(
                                                        "p",
                                                    ),
                                                ),
                                            ),
                                        ),
                                    ),
                                ),
                            ),
                        ),
                    ),
                ),
            ),
        ],
    ),
}
