---
source: src/fof.rs
expression: parsed
---
Logic(
    Unitary(
        Parenthesised(
            Unitary(
                Atomic(
                    Plain(
                        PlainAtomicFormula(
                            Constant(
                                Constant(
                                    Functor(
                                        Lower(
                                            LowerWord(
                                                "p",
                                            ),
                                        ),
                                    ),
                                ),
                            ),
                        ),
                    ),
                ),
            ),
        ),
    ),
)
